2025-04-03 15:44:07 CRITICAL Server crash detected! Restarting.....
2025-04-03 15:44:09 INFO Server crash detected! Restarting.....
2025-04-03 15:44:11 WARNING Server crash detected! Restarting.....
2025-04-03 15:44:13 CRITICAL User logged out: user456
2025-04-03 15:44:15 WARNING File uploaded: report.pdf
2025-04-03 15:44:17 INFO Server crash detected! Restarting.....
2025-04-03 15:44:19 WARNING Server crash detected! Restarting.....
2025-04-03 15:44:21 ERROR High memory usage detected
2025-04-03 15:44:23 CRITICAL Server crash detected! Restarting.....
2025-04-03 15:44:25 CRITICAL Database connection failed: timeout
2025-04-03 15:44:27 WARNING Database connection failed: timeout
2025-04-03 15:44:29 INFO Database connection failed: timeout
2025-04-03 15:44:31 INFO Server crash detected! Restarting.....
2025-04-03 15:44:33 WARNING High memory usage detected
2025-04-03 15:44:35 CRITICAL Database connection failed: timeout
2025-04-03 15:44:37 ERROR File uploaded: report.pdf
2025-04-03 15:44:39 WARNING File uploaded: report.pdf
2025-04-03 15:44:41 WARNING User logged out: user456
2025-04-03 15:44:43 WARNING User logged out: user456
2025-04-03 15:44:45 CRITICAL File uploaded: report.pdf
2025-04-03 15:44:47 INFO Database connection failed: timeout
2025-04-03 15:44:49 WARNING Database connection failed: timeout
2025-04-03 15:44:51 ERROR High memory usage detected
2025-04-03 15:44:53 INFO File uploaded: report.pdf
2025-04-03 15:44:55 ERROR Database connection failed: timeout
2025-04-03 15:44:57 ERROR Database connection failed: timeout
2025-04-03 15:44:59 CRITICAL User logged in: user123
2025-04-03 15:45:01 WARNING High memory usage detected
2025-04-03 15:45:03 ERROR Server crash detected! Restarting.....
2025-04-03 15:45:05 WARNING High memory usage detected
2025-04-03 15:45:07 ERROR High memory usage detected
2025-04-03 15:45:09 CRITICAL Server crash detected! Restarting.....
2025-04-03 15:45:11 CRITICAL User logged out: user456
2025-04-03 15:45:13 WARNING Database connection failed: timeout
2025-04-03 15:45:15 CRITICAL User logged out: user456
2025-04-03 15:45:17 INFO File uploaded: report.pdf
2025-04-03 15:45:19 ERROR Database connection failed: timeout
2025-04-03 15:45:21 ERROR User logged out: user456
2025-04-03 15:45:23 INFO File uploaded: report.pdf
2025-04-03 15:45:25 INFO Database connection failed: timeout
2025-04-03 15:45:27 ERROR Database connection failed: timeout
2025-04-03 15:45:29 INFO High memory usage detected
2025-04-03 15:45:31 ERROR High memory usage detected
2025-04-03 15:45:33 WARNING User logged in: user123
2025-04-03 15:45:35 WARNING User logged in: user123
2025-04-03 15:45:37 ERROR User logged in: user123
2025-04-03 15:45:39 INFO High memory usage detected
2025-04-03 15:45:41 INFO File uploaded: report.pdf
2025-04-03 15:45:43 INFO Database connection failed: timeout
2025-04-03 15:45:45 ERROR Database connection failed: timeout
2025-04-03 15:45:47 CRITICAL Server crash detected! Restarting.....
2025-04-03 15:45:49 WARNING Database connection failed: timeout
2025-04-03 15:45:51 INFO File uploaded: report.pdf
2025-04-03 15:45:53 WARNING Server crash detected! Restarting.....
2025-04-03 15:45:55 CRITICAL Database connection failed: timeout
2025-04-03 15:45:57 WARNING Server crash detected! Restarting.....
2025-04-03 15:45:59 INFO User logged out: user456
2025-04-03 15:46:01 ERROR File uploaded: report.pdf
2025-04-03 15:46:02 CRITICAL User logged in: user123
2025-04-03 15:46:03 ERROR User logged out: user456
2025-04-03 15:46:04 ERROR Database connection failed: timeout
2025-04-03 15:46:05 INFO Database connection failed: timeout
2025-04-03 15:46:06 ERROR User logged out: user456
2025-04-03 15:46:07 CRITICAL High memory usage detected
2025-04-03 15:46:08 CRITICAL High memory usage detected
2025-04-03 15:46:09 ERROR File uploaded: report.pdf
2025-04-03 15:46:10 CRITICAL User logged in: user123
2025-04-03 15:46:11 WARNING Database connection failed: timeout
2025-04-03 15:46:12 ERROR File uploaded: report.pdf
2025-04-03 15:46:13 WARNING Server crash detected! Restarting.....
2025-04-03 15:46:14 WARNING File uploaded: report.pdf
2025-04-03 15:46:15 CRITICAL User logged in: user123
2025-04-03 15:46:16 INFO Database connection failed: timeout
2025-04-03 15:46:17 CRITICAL User logged in: user123
2025-04-03 15:46:18 ERROR High memory usage detected
2025-04-03 15:46:19 INFO High memory usage detected
2025-04-03 15:46:20 WARNING File uploaded: report.pdf
2025-04-03 15:46:21 CRITICAL High memory usage detected
2025-04-03 15:46:22 CRITICAL User logged out: user456
2025-04-03 15:46:23 ERROR User logged in: user123
2025-04-03 15:46:24 CRITICAL User logged out: user456
2025-04-03 15:46:25 CRITICAL Database connection failed: timeout
2025-04-03 15:46:26 INFO User logged in: user123
2025-04-03 15:46:27 ERROR Server crash detected! Restarting.....
2025-04-03 15:46:28 CRITICAL Server crash detected! Restarting.....
2025-04-03 15:46:29 CRITICAL Database connection failed: timeout
2025-04-03 15:46:30 INFO File uploaded: report.pdf
2025-04-03 15:46:31 ERROR High memory usage detected
2025-04-03 15:46:32 CRITICAL Server crash detected! Restarting.....
2025-04-03 15:46:33 INFO Database connection failed: timeout
2025-04-03 15:46:34 INFO User logged in: user123
2025-04-03 15:46:35 WARNING Server crash detected! Restarting.....
2025-04-03 15:46:36 ERROR Database connection failed: timeout
2025-04-03 15:46:37 INFO User logged in: user123
2025-04-03 15:46:38 WARNING Server crash detected! Restarting.....
2025-04-03 15:46:39 WARNING High memory usage detected
2025-04-03 15:46:40 ERROR User logged in: user123
2025-04-03 15:46:41 ERROR Server crash detected! Restarting.....
2025-04-03 15:46:42 WARNING Database connection failed: timeout
2025-04-03 15:46:43 WARNING Server crash detected! Restarting.....
2025-04-03 15:46:44 INFO User logged in: user123
2025-04-03 15:46:45 CRITICAL User logged out: user456
2025-04-03 15:46:46 ERROR High memory usage detected
2025-04-03 15:46:47 ERROR User logged in: user123
2025-04-03 15:46:48 WARNING High memory usage detected
2025-04-03 15:46:49 WARNING Database connection failed: timeout
2025-04-03 15:46:50 INFO File uploaded: report.pdf
2025-04-03 15:46:51 ERROR File uploaded: report.pdf
2025-04-03 15:46:52 ERROR User logged in: user123
2025-04-03 15:46:53 INFO File uploaded: report.pdf
2025-04-03 15:46:54 ERROR Server crash detected! Restarting.....
2025-04-03 15:46:55 WARNING User logged in: user123
2025-04-03 15:46:56 WARNING High memory usage detected
2025-04-03 15:46:57 ERROR User logged out: user456
2025-04-03 15:46:58 ERROR High memory usage detected
2025-04-03 15:46:59 INFO Database connection failed: timeout
2025-04-03 15:47:00 INFO User logged out: user456
2025-04-03 15:47:01 ERROR High memory usage detected
2025-04-03 15:47:02 INFO Server crash detected! Restarting.....
2025-04-03 15:47:03 INFO Server crash detected! Restarting.....
2025-04-03 15:47:04 ERROR File uploaded: report.pdf
2025-04-03 15:47:05 CRITICAL High memory usage detected
2025-04-03 15:47:06 CRITICAL File uploaded: report.pdf
2025-04-03 15:47:07 WARNING Database connection failed: timeout
2025-04-03 15:47:08 WARNING User logged out: user456
2025-04-03 15:47:09 ERROR High memory usage detected
2025-04-03 15:47:10 ERROR File uploaded: report.pdf
2025-04-03 15:47:11 CRITICAL User logged in: user123
2025-04-03 15:47:12 WARNING Database connection failed: timeout
2025-04-03 15:47:13 ERROR High memory usage detected
2025-04-03 15:47:14 WARNING Database connection failed: timeout
2025-04-03 15:47:15 CRITICAL High memory usage detected
2025-04-03 15:47:16 INFO User logged in: user123
2025-04-03 15:47:17 WARNING User logged out: user456
2025-04-03 15:47:18 WARNING Database connection failed: timeout
2025-04-03 15:47:19 WARNING Server crash detected! Restarting.....
2025-04-03 15:47:20 CRITICAL User logged in: user123
2025-04-03 15:47:21 ERROR User logged out: user456
2025-04-03 15:47:22 INFO Server crash detected! Restarting.....
2025-04-03 15:47:23 ERROR User logged in: user123
2025-04-03 15:47:24 CRITICAL User logged in: user123
2025-04-03 15:47:25 ERROR File uploaded: report.pdf
2025-04-03 15:47:26 ERROR High memory usage detected
2025-04-03 15:47:27 INFO Server crash detected! Restarting.....
2025-04-03 15:47:28 CRITICAL High memory usage detected
2025-04-03 15:47:29 ERROR User logged out: user456
2025-04-03 15:47:30 CRITICAL Server crash detected! Restarting.....
2025-04-03 15:47:31 CRITICAL Database connection failed: timeout
2025-04-03 15:47:32 WARNING Server crash detected! Restarting.....
2025-04-03 15:47:33 WARNING Server crash detected! Restarting.....
2025-04-03 15:47:34 INFO Server crash detected! Restarting.....
2025-04-03 15:47:35 ERROR Server crash detected! Restarting.....
2025-04-03 15:47:36 CRITICAL File uploaded: report.pdf
2025-04-03 15:47:37 WARNING User logged in: user123
2025-04-03 15:47:38 WARNING File uploaded: report.pdf
2025-04-03 15:47:39 INFO Database connection failed: timeout
2025-04-03 15:47:40 CRITICAL Database connection failed: timeout
2025-04-03 15:47:41 ERROR Database connection failed: timeout
2025-04-03 15:47:42 CRITICAL File uploaded: report.pdf
2025-04-03 15:47:43 ERROR User logged in: user123
2025-04-03 15:47:44 INFO High memory usage detected
2025-04-03 15:47:45 WARNING High memory usage detected
2025-04-03 15:47:47 CRITICAL User logged out: user456
2025-04-03 15:47:47 CRITICAL High memory usage detected
2025-04-03 15:47:49 ERROR File uploaded: report.pdf
2025-04-03 15:47:49 CRITICAL Database connection failed: timeout
2025-04-03 15:47:51 WARNING Server crash detected! Restarting.....
2025-04-03 15:47:51 WARNING File uploaded: report.pdf
2025-04-03 15:47:53 WARNING High memory usage detected
2025-04-03 15:47:53 INFO Server crash detected! Restarting.....
2025-04-03 15:47:55 CRITICAL Server crash detected! Restarting.....
2025-04-03 15:47:55 ERROR Server crash detected! Restarting.....
2025-04-03 15:47:57 ERROR File uploaded: report.pdf
2025-04-03 15:47:57 CRITICAL User logged out: user456
2025-04-03 15:47:59 WARNING User logged out: user456
2025-04-03 15:47:59 ERROR High memory usage detected
2025-04-03 15:48:01 INFO Server crash detected! Restarting.....
2025-04-03 15:48:01 INFO User logged out: user456
2025-04-03 15:48:03 CRITICAL File uploaded: report.pdf
2025-04-03 15:48:03 WARNING User logged in: user123
2025-04-03 15:48:05 CRITICAL File uploaded: report.pdf
2025-04-03 15:48:05 ERROR User logged in: user123
2025-04-03 15:48:07 INFO High memory usage detected
2025-04-03 15:48:07 CRITICAL High memory usage detected
2025-04-03 15:48:09 ERROR User logged out: user456
2025-04-03 15:48:09 ERROR File uploaded: report.pdf
2025-04-03 15:48:11 INFO File uploaded: report.pdf
2025-04-03 15:48:11 CRITICAL High memory usage detected
2025-04-03 15:48:13 ERROR User logged out: user456
2025-04-03 15:48:13 INFO Server crash detected! Restarting.....
2025-04-03 15:48:15 WARNING Database connection failed: timeout
2025-04-03 15:48:15 CRITICAL File uploaded: report.pdf
2025-04-03 15:48:17 ERROR High memory usage detected
2025-04-03 15:48:17 CRITICAL User logged in: user123
2025-04-03 15:48:19 CRITICAL User logged in: user123
2025-04-03 15:48:19 CRITICAL High memory usage detected
2025-04-03 15:48:21 ERROR File uploaded: report.pdf
2025-04-03 15:48:21 WARNING Database connection failed: timeout
2025-04-03 15:48:23 WARNING Server crash detected! Restarting.....
2025-04-03 15:48:23 CRITICAL High memory usage detected
2025-04-03 15:48:25 INFO User logged out: user456
2025-04-03 15:48:25 INFO Database connection failed: timeout
2025-04-03 15:48:27 ERROR Server crash detected! Restarting.....
2025-04-03 15:48:27 INFO File uploaded: report.pdf
2025-04-03 15:48:29 WARNING Database connection failed: timeout
2025-04-03 15:48:29 INFO User logged out: user456
2025-04-03 15:48:31 ERROR User logged in: user123
2025-04-03 15:48:31 INFO Database connection failed: timeout
2025-04-03 15:48:33 CRITICAL User logged out: user456
2025-04-03 15:48:35 CRITICAL Database connection failed: timeout
2025-04-03 15:48:37 INFO Database connection failed: timeout
2025-04-03 15:48:39 ERROR Database connection failed: timeout
2025-04-03 15:48:41 CRITICAL Database connection failed: timeout
2025-04-03 15:48:43 CRITICAL Database connection failed: timeout
2025-04-03 15:48:45 ERROR File uploaded: report.pdf
2025-04-03 15:48:47 ERROR High memory usage detected
2025-04-03 15:48:49 WARNING User logged in: user123
2025-04-03 15:48:51 WARNING Server crash detected! Restarting.....
2025-04-03 15:48:53 INFO User logged in: user123
2025-04-03 15:48:55 INFO File uploaded: report.pdf
2025-04-03 15:48:57 INFO Server crash detected! Restarting.....
2025-04-03 15:48:59 ERROR File uploaded: report.pdf
2025-04-03 15:49:01 INFO High memory usage detected
2025-04-03 15:49:03 CRITICAL Server crash detected! Restarting.....
2025-04-03 15:49:05 INFO User logged in: user123
2025-04-03 15:49:07 CRITICAL File uploaded: report.pdf
2025-04-03 15:49:09 CRITICAL User logged out: user456
2025-04-03 15:49:11 ERROR High memory usage detected
2025-04-03 15:49:13 WARNING Database connection failed: timeout
2025-04-03 15:49:15 WARNING User logged in: user123
2025-04-03 15:49:17 ERROR File uploaded: report.pdf
2025-04-03 15:49:19 ERROR Server crash detected! Restarting.....
2025-04-03 15:49:21 WARNING Server crash detected! Restarting.....
2025-04-03 15:49:23 WARNING Database connection failed: timeout
2025-04-03 15:49:25 CRITICAL Server crash detected! Restarting.....
2025-04-03 15:49:27 CRITICAL User logged out: user456
2025-04-03 15:49:29 INFO High memory usage detected
2025-04-03 15:49:31 INFO User logged out: user456
2025-04-03 15:49:33 CRITICAL Database connection failed: timeout
2025-04-03 15:49:35 WARNING Database connection failed: timeout
2025-04-03 15:49:37 INFO User logged in: user123
2025-04-03 15:49:39 WARNING User logged in: user123
2025-04-03 15:49:41 INFO High memory usage detected
2025-04-03 15:49:43 ERROR File uploaded: report.pdf
2025-04-03 15:49:45 ERROR Server crash detected! Restarting.....
2025-04-03 15:49:47 ERROR File uploaded: report.pdf
2025-04-03 15:49:49 ERROR High memory usage detected
2025-04-03 15:49:51 WARNING File uploaded: report.pdf
2025-04-03 15:49:53 WARNING High memory usage detected
2025-04-03 15:49:55 WARNING File uploaded: report.pdf
2025-04-03 15:49:57 ERROR User logged out: user456
2025-04-03 15:49:59 ERROR User logged out: user456
2025-04-03 15:50:01 ERROR Server crash detected! Restarting.....
2025-04-03 15:50:03 ERROR File uploaded: report.pdf
2025-04-03 15:50:05 WARNING High memory usage detected
2025-04-03 15:50:07 CRITICAL File uploaded: report.pdf
2025-04-03 15:50:09 ERROR High memory usage detected
2025-04-03 15:50:11 INFO Server crash detected! Restarting.....
2025-04-03 15:50:13 CRITICAL File uploaded: report.pdf
2025-04-03 15:50:15 WARNING High memory usage detected
2025-04-03 15:50:17 INFO Database connection failed: timeout
2025-04-03 15:50:19 INFO User logged in: user123
2025-04-03 15:50:21 INFO High memory usage detected
2025-04-03 15:50:23 INFO User logged in: user123
2025-04-03 15:50:25 WARNING User logged in: user123
2025-04-03 15:50:27 ERROR File uploaded: report.pdf
2025-04-03 15:50:29 WARNING User logged in: user123
2025-04-03 15:50:31 ERROR Database connection failed: timeout
2025-04-03 15:50:33 WARNING Server crash detected! Restarting.....
2025-04-03 15:50:35 INFO Server crash detected! Restarting.....
2025-04-03 15:50:37 ERROR Database connection failed: timeout
2025-04-03 15:50:39 CRITICAL High memory usage detected
2025-04-03 15:50:41 CRITICAL Server crash detected! Restarting.....
2025-04-03 15:50:43 ERROR High memory usage detected
2025-04-03 15:50:45 ERROR File uploaded: report.pdf
2025-04-03 15:50:47 ERROR Server crash detected! Restarting.....
2025-04-03 15:50:49 INFO Server crash detected! Restarting.....
2025-04-03 15:50:51 INFO Server crash detected! Restarting.....
2025-04-03 15:50:53 ERROR Server crash detected! Restarting.....
2025-04-03 15:50:55 ERROR Database connection failed: timeout
2025-04-03 15:50:57 CRITICAL User logged in: user123
2025-04-03 15:50:59 ERROR Database connection failed: timeout
2025-04-03 15:51:01 ERROR User logged out: user456
2025-04-03 15:51:03 INFO Server crash detected! Restarting.....
2025-04-03 15:51:05 INFO User logged in: user123
2025-04-03 15:51:07 WARNING File uploaded: report.pdf
2025-04-03 15:51:09 ERROR File uploaded: report.pdf
2025-04-03 15:51:11 WARNING User logged out: user456
2025-04-03 15:51:13 INFO Database connection failed: timeout
2025-04-03 15:51:15 ERROR High memory usage detected
2025-04-03 15:51:17 CRITICAL Server crash detected! Restarting.....
2025-04-03 15:51:19 CRITICAL Database connection failed: timeout
2025-04-03 15:51:21 WARNING User logged in: user123
2025-04-03 15:51:23 WARNING File uploaded: report.pdf
2025-04-03 15:51:25 WARNING Database connection failed: timeout
2025-04-03 15:51:27 INFO File uploaded: report.pdf
2025-04-03 15:51:29 ERROR File uploaded: report.pdf
2025-04-03 15:51:31 CRITICAL User logged out: user456
2025-04-03 15:51:33 CRITICAL User logged out: user456
2025-04-03 15:51:35 INFO File uploaded: report.pdf
2025-04-03 15:51:37 CRITICAL User logged out: user456
2025-04-03 15:51:39 INFO File uploaded: report.pdf
2025-04-03 15:51:41 WARNING Server crash detected! Restarting.....
2025-04-03 15:51:43 INFO Database connection failed: timeout
2025-04-03 15:51:45 WARNING Database connection failed: timeout
2025-04-03 15:51:47 ERROR High memory usage detected
2025-04-03 15:51:49 WARNING User logged out: user456
2025-04-03 15:51:51 WARNING Server crash detected! Restarting.....
2025-04-03 15:51:53 INFO Server crash detected! Restarting.....
2025-04-03 15:51:55 INFO User logged in: user123
2025-04-03 15:51:57 INFO Server crash detected! Restarting.....
2025-04-03 15:51:59 CRITICAL File uploaded: report.pdf
2025-04-03 15:52:01 ERROR Database connection failed: timeout
2025-04-03 15:52:03 WARNING User logged in: user123
2025-04-03 15:52:05 WARNING User logged out: user456
2025-04-03 15:52:07 WARNING High memory usage detected
2025-04-03 15:52:09 INFO User logged out: user456
2025-04-03 15:52:11 INFO User logged out: user456
2025-04-03 15:52:13 WARNING Server crash detected! Restarting.....
2025-04-03 15:52:15 WARNING File uploaded: report.pdf
2025-04-03 15:52:17 INFO User logged out: user456
2025-04-03 15:52:19 INFO User logged in: user123
2025-04-03 15:52:21 INFO File uploaded: report.pdf
2025-04-03 15:52:23 WARNING Server crash detected! Restarting.....
2025-04-03 15:52:25 WARNING User logged in: user123
2025-04-03 15:52:27 ERROR Server crash detected! Restarting.....
2025-04-03 15:52:29 INFO Server crash detected! Restarting.....
2025-04-03 15:52:31 ERROR Database connection failed: timeout
2025-04-03 15:52:33 CRITICAL User logged in: user123
2025-04-03 15:52:35 INFO User logged out: user456
2025-04-03 15:52:37 WARNING Server crash detected! Restarting.....
2025-04-03 15:52:39 CRITICAL File uploaded: report.pdf
2025-04-03 15:52:41 INFO User logged out: user456
2025-04-03 15:52:43 WARNING High memory usage detected
2025-04-03 15:52:45 CRITICAL User logged out: user456
2025-04-03 15:52:47 ERROR Database connection failed: timeout
2025-04-03 15:52:49 CRITICAL Server crash detected! Restarting.....
2025-04-03 15:52:51 WARNING User logged out: user456
2025-04-03 15:52:53 INFO Database connection failed: timeout
2025-04-03 15:52:55 WARNING File uploaded: report.pdf
2025-04-03 15:52:57 ERROR High memory usage detected
2025-04-03 15:52:59 ERROR Server crash detected! Restarting.....
2025-04-03 15:53:01 ERROR User logged out: user456
2025-04-03 15:53:03 WARNING Server crash detected! Restarting.....
2025-04-03 15:53:05 ERROR Database connection failed: timeout
2025-04-03 15:53:07 CRITICAL Server crash detected! Restarting.....
2025-04-03 15:53:09 WARNING Database connection failed: timeout
2025-04-03 15:53:11 WARNING Database connection failed: timeout
2025-04-03 15:53:13 CRITICAL User logged out: user456
2025-04-03 15:53:15 ERROR User logged in: user123
2025-04-03 15:53:17 WARNING File uploaded: report.pdf
2025-04-03 15:53:19 WARNING Database connection failed: timeout
2025-04-03 15:53:21 ERROR High memory usage detected
2025-04-03 15:53:23 WARNING User logged out: user456
2025-04-03 15:53:25 ERROR High memory usage detected
2025-04-03 15:53:27 WARNING User logged out: user456
2025-04-03 15:53:29 ERROR File uploaded: report.pdf
2025-04-03 15:53:31 ERROR User logged out: user456
2025-04-03 15:53:33 WARNING User logged in: user123
2025-04-03 15:53:35 ERROR Database connection failed: timeout
2025-04-03 15:53:37 INFO User logged out: user456
2025-04-03 15:53:39 WARNING User logged out: user456
2025-04-03 15:53:41 CRITICAL High memory usage detected
2025-04-03 15:53:43 ERROR Database connection failed: timeout
2025-04-03 15:53:45 CRITICAL Server crash detected! Restarting.....
2025-04-03 15:53:47 CRITICAL File uploaded: report.pdf
2025-04-03 15:53:49 INFO File uploaded: report.pdf
2025-04-03 15:53:51 INFO File uploaded: report.pdf
2025-04-03 15:53:53 CRITICAL Server crash detected! Restarting.....
2025-04-03 15:53:55 CRITICAL High memory usage detected
2025-04-03 15:53:57 WARNING User logged in: user123
2025-04-03 15:53:59 ERROR Server crash detected! Restarting.....
2025-04-03 15:54:01 INFO High memory usage detected
2025-04-03 15:54:03 ERROR User logged out: user456
2025-04-03 15:54:05 WARNING File uploaded: report.pdf
2025-04-03 15:54:07 ERROR User logged in: user123
2025-04-03 15:54:09 CRITICAL User logged in: user123
2025-04-03 15:54:11 CRITICAL Server crash detected! Restarting.....
2025-04-03 15:54:13 ERROR User logged in: user123
2025-04-03 15:54:15 CRITICAL Database connection failed: timeout
2025-04-03 15:54:17 WARNING File uploaded: report.pdf
2025-04-03 15:54:19 CRITICAL Server crash detected! Restarting.....
2025-04-03 15:54:21 CRITICAL User logged out: user456
2025-04-03 15:54:23 WARNING Database connection failed: timeout
2025-04-03 15:54:25 CRITICAL File uploaded: report.pdf
2025-04-03 15:54:27 INFO Server crash detected! Restarting.....
2025-04-03 15:54:29 ERROR Server crash detected! Restarting.....
2025-04-03 15:54:31 INFO File uploaded: report.pdf
2025-04-03 15:54:33 INFO File uploaded: report.pdf
2025-04-03 15:54:35 WARNING Database connection failed: timeout
2025-04-03 15:54:37 WARNING Database connection failed: timeout
2025-04-03 15:54:39 CRITICAL High memory usage detected
2025-04-03 15:54:41 WARNING Server crash detected! Restarting.....
2025-04-03 15:54:43 ERROR User logged in: user123
2025-04-03 15:54:45 CRITICAL Database connection failed: timeout
2025-04-03 15:54:47 WARNING Database connection failed: timeout
2025-04-03 15:54:49 WARNING User logged in: user123
2025-04-03 15:54:51 WARNING User logged out: user456
2025-04-03 15:54:53 ERROR Database connection failed: timeout
2025-04-03 15:54:55 ERROR User logged in: user123
2025-04-03 15:54:57 INFO File uploaded: report.pdf
2025-04-03 15:54:59 INFO File uploaded: report.pdf
2025-04-03 15:55:01 CRITICAL File uploaded: report.pdf
2025-04-03 15:55:03 INFO Server crash detected! Restarting.....
2025-04-03 15:55:05 WARNING Server crash detected! Restarting.....
2025-04-03 15:55:07 ERROR User logged in: user123
2025-04-03 15:55:09 CRITICAL Server crash detected! Restarting.....
2025-04-03 15:55:11 WARNING Server crash detected! Restarting.....
2025-04-03 15:55:13 WARNING High memory usage detected
2025-04-03 15:55:15 WARNING User logged in: user123
2025-04-03 15:55:17 CRITICAL User logged in: user123
2025-04-03 15:55:19 INFO Database connection failed: timeout
2025-04-03 15:55:21 INFO User logged in: user123
2025-04-03 15:55:23 WARNING Database connection failed: timeout
2025-04-03 15:55:25 WARNING User logged out: user456
2025-04-03 15:55:27 INFO User logged out: user456
2025-04-03 15:55:29 INFO File uploaded: report.pdf
2025-04-03 15:55:31 INFO File uploaded: report.pdf
2025-04-03 15:55:33 CRITICAL User logged out: user456
2025-04-03 15:55:35 INFO User logged in: user123
2025-04-03 15:55:37 INFO User logged out: user456
2025-04-03 15:55:39 ERROR High memory usage detected
2025-04-03 15:55:41 ERROR Server crash detected! Restarting.....
2025-04-03 15:55:43 WARNING Server crash detected! Restarting.....
2025-04-03 15:55:45 ERROR High memory usage detected
2025-04-03 15:55:47 WARNING User logged out: user456
2025-04-03 15:55:49 WARNING File uploaded: report.pdf
2025-04-03 15:55:51 ERROR User logged in: user123
2025-04-03 15:55:53 WARNING User logged out: user456
2025-04-03 15:55:55 WARNING File uploaded: report.pdf
2025-04-03 15:55:57 CRITICAL File uploaded: report.pdf
2025-04-03 15:55:59 WARNING High memory usage detected
2025-04-03 15:56:01 CRITICAL User logged in: user123
2025-04-03 15:56:03 CRITICAL User logged in: user123
2025-04-03 15:56:05 WARNING Database connection failed: timeout
2025-04-03 15:56:07 ERROR High memory usage detected
2025-04-03 15:56:09 ERROR User logged out: user456
2025-04-03 15:56:11 CRITICAL Server crash detected! Restarting.....
2025-04-03 15:56:13 INFO User logged in: user123
2025-04-03 15:56:15 ERROR High memory usage detected
2025-04-03 15:56:17 ERROR Database connection failed: timeout
2025-04-03 15:56:19 WARNING Database connection failed: timeout
2025-04-03 15:56:21 CRITICAL File uploaded: report.pdf
2025-04-03 15:56:23 CRITICAL User logged out: user456
2025-04-03 15:56:25 WARNING File uploaded: report.pdf
2025-04-03 15:56:27 WARNING Server crash detected! Restarting.....
2025-04-03 15:56:29 CRITICAL Database connection failed: timeout
2025-04-03 15:56:31 ERROR High memory usage detected
2025-04-03 15:56:33 INFO High memory usage detected
2025-04-03 15:56:35 ERROR Server crash detected! Restarting.....
2025-04-03 15:56:37 ERROR Server crash detected! Restarting.....
2025-04-03 15:56:39 CRITICAL User logged in: user123
2025-04-03 15:56:41 INFO User logged in: user123
2025-04-03 15:56:52 CRITICAL High memory usage detected
2025-04-03 15:56:54 ERROR File uploaded: report.pdf
2025-04-03 15:56:56 WARNING High memory usage detected
2025-04-03 15:56:58 INFO File uploaded: report.pdf
2025-04-03 15:57:00 CRITICAL User logged in: user123
2025-04-03 15:57:02 CRITICAL Database connection failed: timeout
2025-04-03 15:57:04 ERROR User logged in: user123
2025-04-03 15:57:06 ERROR User logged out: user456
2025-04-03 15:57:08 INFO Database connection failed: timeout
2025-04-03 15:57:10 ERROR Server crash detected! Restarting.....
2025-04-03 15:57:12 CRITICAL User logged in: user123
2025-04-03 15:57:14 WARNING File uploaded: report.pdf
2025-04-03 15:57:16 ERROR User logged out: user456
2025-04-03 15:57:18 WARNING Server crash detected! Restarting.....
2025-04-03 15:57:20 WARNING High memory usage detected
2025-04-03 15:57:22 WARNING User logged out: user456
2025-04-03 15:57:24 INFO Database connection failed: timeout
2025-04-03 15:57:26 INFO Database connection failed: timeout
2025-04-03 15:57:28 ERROR User logged out: user456
2025-04-03 15:57:30 INFO User logged in: user123
2025-04-03 15:57:32 INFO User logged in: user123
2025-04-03 15:57:34 WARNING High memory usage detected
2025-04-03 15:57:36 WARNING High memory usage detected
2025-04-03 15:57:38 CRITICAL User logged out: user456
2025-04-03 15:57:40 CRITICAL File uploaded: report.pdf
2025-04-03 15:57:42 INFO File uploaded: report.pdf
2025-04-03 15:57:44 INFO Server crash detected! Restarting.....
2025-04-03 15:57:46 CRITICAL Database connection failed: timeout
2025-04-03 15:57:48 WARNING High memory usage detected
2025-04-03 15:57:50 WARNING File uploaded: report.pdf
2025-04-03 15:57:52 WARNING High memory usage detected
2025-04-03 15:57:54 CRITICAL High memory usage detected
2025-04-03 15:57:56 INFO File uploaded: report.pdf
2025-04-03 15:57:58 INFO Server crash detected! Restarting.....
2025-04-03 15:58:00 INFO Server crash detected! Restarting.....
2025-04-03 15:58:02 INFO Server crash detected! Restarting.....
2025-04-03 15:58:04 INFO High memory usage detected
2025-04-03 15:58:06 WARNING File uploaded: report.pdf
2025-04-03 15:58:08 WARNING User logged in: user123
2025-04-03 15:58:10 WARNING Database connection failed: timeout
2025-04-03 15:58:12 WARNING Database connection failed: timeout
2025-04-03 15:58:14 WARNING File uploaded: report.pdf
2025-04-03 15:58:16 INFO File uploaded: report.pdf
2025-04-03 15:58:18 ERROR Server crash detected! Restarting.....
2025-04-03 15:58:20 INFO High memory usage detected
2025-04-03 15:58:22 ERROR File uploaded: report.pdf
2025-04-03 15:58:24 INFO User logged out: user456
2025-04-03 15:58:26 CRITICAL Server crash detected! Restarting.....
2025-04-03 15:58:28 CRITICAL User logged out: user456
2025-04-03 15:58:30 WARNING User logged out: user456
2025-04-03 15:58:32 INFO Server crash detected! Restarting.....
2025-04-03 15:58:34 WARNING Database connection failed: timeout
2025-04-03 15:58:36 ERROR Database connection failed: timeout
2025-04-03 15:58:38 CRITICAL High memory usage detected
2025-04-03 15:58:40 WARNING User logged out: user456
2025-04-03 15:58:42 WARNING Database connection failed: timeout
2025-04-03 15:58:44 ERROR High memory usage detected
2025-04-03 15:58:46 ERROR User logged in: user123
2025-04-03 15:58:48 ERROR User logged in: user123
2025-04-03 15:58:50 ERROR File uploaded: report.pdf
2025-04-03 15:58:52 INFO File uploaded: report.pdf
2025-04-03 15:58:54 INFO User logged in: user123
2025-04-03 15:58:56 WARNING High memory usage detected
2025-04-03 15:58:58 INFO File uploaded: report.pdf
2025-04-03 15:59:00 INFO File uploaded: report.pdf
2025-04-03 15:59:02 INFO User logged in: user123
2025-04-03 15:59:04 INFO Database connection failed: timeout
2025-04-03 15:59:06 CRITICAL Server crash detected! Restarting.....
2025-04-03 15:59:08 CRITICAL Database connection failed: timeout
2025-04-03 15:59:10 INFO Database connection failed: timeout
2025-04-03 15:59:12 INFO User logged in: user123
2025-04-03 15:59:14 ERROR Server crash detected! Restarting.....
2025-04-03 15:59:16 INFO High memory usage detected
2025-04-03 15:59:18 ERROR Database connection failed: timeout
2025-04-03 15:59:21 CRITICAL User logged out: user456
2025-04-03 15:59:23 CRITICAL User logged out: user456
2025-04-03 15:59:25 ERROR User logged in: user123
2025-04-03 15:59:27 WARNING Database connection failed: timeout
2025-04-03 15:59:29 WARNING High memory usage detected
2025-04-03 15:59:31 INFO User logged in: user123
2025-04-03 15:59:33 ERROR File uploaded: report.pdf
2025-04-03 15:59:35 INFO File uploaded: report.pdf
2025-04-03 15:59:37 ERROR User logged in: user123
2025-04-03 15:59:39 WARNING User logged out: user456
2025-04-03 15:59:41 ERROR High memory usage detected
2025-04-03 15:59:43 CRITICAL High memory usage detected
2025-04-03 15:59:45 ERROR High memory usage detected
2025-04-03 15:59:47 ERROR High memory usage detected
2025-04-03 15:59:49 INFO Database connection failed: timeout
2025-04-03 15:59:51 INFO User logged in: user123
2025-04-03 15:59:53 CRITICAL User logged in: user123
2025-04-03 15:59:55 ERROR User logged in: user123
2025-04-03 15:59:57 CRITICAL User logged out: user456
2025-04-03 15:59:59 WARNING User logged in: user123
2025-04-03 16:00:01 CRITICAL File uploaded: report.pdf
2025-04-03 16:00:03 ERROR User logged in: user123
2025-04-03 16:00:05 WARNING File uploaded: report.pdf
2025-04-03 16:00:07 WARNING Database connection failed: timeout
2025-04-03 16:00:09 INFO File uploaded: report.pdf
2025-04-03 16:00:11 CRITICAL User logged in: user123
2025-04-03 16:00:13 INFO Database connection failed: timeout
2025-04-03 16:00:15 ERROR Server crash detected! Restarting.....
2025-04-03 16:00:17 INFO High memory usage detected
2025-04-03 16:00:19 INFO File uploaded: report.pdf
2025-04-03 16:00:21 ERROR User logged in: user123
2025-04-03 16:00:23 WARNING User logged out: user456
2025-04-03 16:00:25 ERROR Database connection failed: timeout
2025-04-03 16:00:27 CRITICAL File uploaded: report.pdf
2025-04-03 16:00:29 ERROR High memory usage detected
2025-04-03 16:00:31 CRITICAL High memory usage detected
2025-04-03 16:00:33 INFO Database connection failed: timeout
2025-04-03 16:00:35 ERROR User logged out: user456
2025-04-03 16:00:37 ERROR File uploaded: report.pdf
2025-04-03 16:00:39 INFO High memory usage detected
2025-04-03 16:00:41 INFO User logged out: user456
2025-04-03 16:00:43 ERROR User logged out: user456
2025-04-03 16:00:45 ERROR User logged in: user123
2025-04-03 16:00:47 ERROR High memory usage detected
2025-04-03 16:00:49 ERROR File uploaded: report.pdf
2025-04-03 16:00:51 CRITICAL User logged out: user456
2025-04-03 16:00:53 INFO Server crash detected! Restarting.....
2025-04-03 16:00:55 INFO User logged in: user123
2025-04-03 16:00:57 INFO Database connection failed: timeout
2025-04-03 16:00:59 CRITICAL High memory usage detected
2025-04-03 16:01:01 CRITICAL Server crash detected! Restarting.....
2025-04-03 16:01:03 INFO User logged out: user456
2025-04-03 16:01:05 CRITICAL File uploaded: report.pdf
2025-04-03 16:01:07 CRITICAL Database connection failed: timeout
2025-04-03 16:01:09 INFO User logged in: user123
2025-04-03 16:01:11 INFO High memory usage detected
2025-04-03 16:01:13 ERROR User logged in: user123
2025-04-03 16:01:15 WARNING File uploaded: report.pdf
2025-04-03 16:01:17 CRITICAL High memory usage detected
2025-04-03 16:01:19 CRITICAL Server crash detected! Restarting.....
2025-04-03 16:01:21 ERROR File uploaded: report.pdf
2025-04-03 16:01:23 ERROR File uploaded: report.pdf
2025-04-03 16:01:25 WARNING User logged out: user456
2025-04-03 16:01:27 CRITICAL User logged out: user456
2025-04-03 16:01:29 ERROR Database connection failed: timeout
2025-04-03 16:01:31 INFO User logged in: user123
2025-04-03 16:01:33 WARNING Database connection failed: timeout
2025-04-03 16:01:35 ERROR Server crash detected! Restarting.....
2025-04-03 16:01:37 ERROR High memory usage detected
2025-04-03 16:01:39 WARNING High memory usage detected
2025-04-03 16:01:41 INFO High memory usage detected
2025-04-03 16:01:43 CRITICAL Server crash detected! Restarting.....
2025-04-03 16:01:45 INFO Server crash detected! Restarting.....
2025-04-03 16:01:47 CRITICAL Server crash detected! Restarting.....
2025-04-03 16:01:49 WARNING File uploaded: report.pdf
2025-04-03 16:01:51 CRITICAL User logged out: user456
2025-04-03 16:01:53 INFO User logged out: user456
2025-04-03 16:01:55 ERROR Database connection failed: timeout
2025-04-03 16:01:57 INFO User logged out: user456
2025-04-03 16:01:59 WARNING User logged out: user456
2025-04-03 16:02:01 WARNING User logged out: user456
2025-04-03 16:02:03 WARNING Server crash detected! Restarting.....
2025-04-03 16:02:05 INFO High memory usage detected
2025-04-03 16:02:07 ERROR High memory usage detected
2025-04-03 16:02:09 WARNING File uploaded: report.pdf
2025-04-03 16:02:11 CRITICAL User logged in: user123
2025-04-03 16:02:13 ERROR Server crash detected! Restarting.....
2025-04-03 16:02:15 CRITICAL User logged in: user123
2025-04-03 16:02:17 CRITICAL Server crash detected! Restarting.....
2025-04-03 16:02:19 CRITICAL High memory usage detected
2025-04-03 16:02:21 CRITICAL Database connection failed: timeout
2025-04-03 16:02:23 WARNING File uploaded: report.pdf
2025-04-03 16:02:25 ERROR File uploaded: report.pdf
2025-04-03 16:02:27 ERROR High memory usage detected
2025-04-03 16:02:29 CRITICAL User logged in: user123
2025-04-03 16:02:31 ERROR Database connection failed: timeout
2025-04-03 16:02:33 CRITICAL File uploaded: report.pdf
2025-04-03 16:02:35 INFO High memory usage detected
2025-04-03 16:02:37 CRITICAL Database connection failed: timeout
2025-04-03 16:02:39 WARNING Database connection failed: timeout
2025-04-03 16:02:41 CRITICAL User logged in: user123
2025-04-03 16:02:43 INFO Database connection failed: timeout
2025-04-03 16:02:45 WARNING Server crash detected! Restarting.....
2025-04-03 16:02:47 CRITICAL High memory usage detected
2025-04-03 16:02:49 INFO High memory usage detected
2025-04-03 16:02:51 WARNING High memory usage detected
2025-04-03 16:02:53 INFO High memory usage detected
2025-04-03 16:02:55 INFO Database connection failed: timeout
2025-04-03 16:02:57 CRITICAL User logged in: user123
2025-04-03 16:02:59 INFO Server crash detected! Restarting.....
2025-04-03 16:03:01 ERROR File uploaded: report.pdf
2025-04-03 16:03:03 ERROR High memory usage detected
2025-04-03 16:03:05 CRITICAL Server crash detected! Restarting.....
2025-04-03 16:03:07 INFO User logged out: user456
2025-04-03 16:03:09 INFO User logged in: user123
2025-04-03 16:03:11 INFO Database connection failed: timeout
2025-04-03 16:03:13 CRITICAL User logged out: user456
2025-04-03 16:03:15 INFO High memory usage detected
2025-04-03 16:03:17 CRITICAL Server crash detected! Restarting.....
2025-04-03 16:03:19 ERROR Server crash detected! Restarting.....
2025-04-03 16:03:21 ERROR File uploaded: report.pdf
2025-04-03 16:03:23 CRITICAL User logged out: user456
2025-04-03 16:03:25 INFO Server crash detected! Restarting.....
2025-04-03 16:03:27 INFO Server crash detected! Restarting.....
2025-04-03 16:03:29 CRITICAL Server crash detected! Restarting.....
2025-04-03 16:03:31 ERROR High memory usage detected
2025-04-03 16:03:33 INFO User logged out: user456
2025-04-03 16:03:35 ERROR User logged in: user123
2025-04-03 16:03:37 ERROR File uploaded: report.pdf
2025-04-03 16:03:39 CRITICAL High memory usage detected
2025-04-03 16:03:41 WARNING File uploaded: report.pdf
2025-04-03 16:03:43 WARNING User logged out: user456
2025-04-03 16:03:45 CRITICAL User logged in: user123
2025-04-03 16:03:47 ERROR Server crash detected! Restarting.....
2025-04-03 16:03:49 INFO User logged in: user123
2025-04-03 16:03:51 ERROR File uploaded: report.pdf
2025-04-03 16:03:53 ERROR File uploaded: report.pdf
2025-04-03 16:03:55 CRITICAL Server crash detected! Restarting.....
2025-04-03 16:03:57 ERROR Server crash detected! Restarting.....
2025-04-03 16:03:59 ERROR Database connection failed: timeout
2025-04-03 16:04:01 INFO User logged in: user123
2025-04-03 16:04:03 ERROR Server crash detected! Restarting.....
2025-04-03 16:04:05 INFO Database connection failed: timeout
2025-04-03 16:04:07 CRITICAL File uploaded: report.pdf
2025-04-03 16:04:09 ERROR Server crash detected! Restarting.....
2025-04-03 16:04:11 ERROR High memory usage detected
2025-04-03 16:04:13 WARNING User logged in: user123
2025-04-03 16:04:15 ERROR User logged in: user123
2025-04-03 16:04:17 WARNING User logged out: user456
2025-04-03 16:04:19 ERROR User logged in: user123
2025-04-03 16:04:21 ERROR File uploaded: report.pdf
2025-04-03 16:04:23 WARNING Server crash detected! Restarting.....
2025-04-03 16:04:25 CRITICAL Server crash detected! Restarting.....
2025-04-03 16:04:27 CRITICAL Database connection failed: timeout
2025-04-03 16:04:29 WARNING Server crash detected! Restarting.....
2025-04-03 16:38:52 WARNING High memory usage detected
2025-04-03 16:38:54 WARNING User logged in: user123
2025-04-03 16:38:56 WARNING File uploaded: report.pdf
2025-04-03 16:38:58 INFO File uploaded: report.pdf
2025-04-03 16:39:00 ERROR Database connection failed: timeout
2025-04-03 16:39:02 WARNING Database connection failed: timeout
2025-04-03 16:39:04 WARNING User logged in: user123
2025-04-03 16:39:06 ERROR File uploaded: report.pdf
2025-04-03 16:39:08 CRITICAL File uploaded: report.pdf
2025-04-03 16:39:10 ERROR File uploaded: report.pdf
2025-04-03 16:39:12 INFO Server crash detected! Restarting.....
2025-04-03 16:39:14 INFO Server crash detected! Restarting.....
2025-04-03 16:39:16 INFO File uploaded: report.pdf
2025-04-03 16:39:18 WARNING User logged out: user456
2025-04-03 16:39:20 WARNING File uploaded: report.pdf
2025-04-03 16:39:22 ERROR Database connection failed: timeout
2025-04-03 16:39:24 INFO File uploaded: report.pdf
2025-04-03 16:39:26 WARNING Database connection failed: timeout
2025-04-03 16:39:28 INFO File uploaded: report.pdf
2025-04-03 16:39:30 INFO File uploaded: report.pdf
2025-04-03 16:39:32 WARNING File uploaded: report.pdf
2025-04-03 16:39:34 WARNING User logged out: user456
2025-04-03 16:39:36 CRITICAL Server crash detected! Restarting.....
2025-04-03 16:39:38 INFO Database connection failed: timeout
2025-04-03 16:39:40 WARNING User logged out: user456
2025-04-03 16:39:42 INFO User logged in: user123
2025-04-03 16:39:44 INFO High memory usage detected
2025-04-03 16:39:46 INFO High memory usage detected
2025-04-03 16:39:48 INFO Server crash detected! Restarting.....
2025-04-03 16:39:50 CRITICAL High memory usage detected
2025-04-03 16:39:52 WARNING Database connection failed: timeout
2025-04-03 16:39:54 CRITICAL Server crash detected! Restarting.....
2025-04-03 16:39:56 CRITICAL User logged in: user123
2025-04-03 16:39:58 ERROR High memory usage detected
2025-04-03 16:40:00 WARNING User logged in: user123
2025-04-03 16:40:02 CRITICAL User logged in: user123
2025-04-03 16:40:04 WARNING File uploaded: report.pdf
2025-04-03 16:40:06 CRITICAL High memory usage detected
2025-04-03 16:40:08 ERROR Database connection failed: timeout
2025-04-03 16:40:10 CRITICAL File uploaded: report.pdf
2025-04-03 16:40:12 WARNING High memory usage detected
2025-04-03 16:40:14 CRITICAL User logged in: user123
2025-04-03 16:40:16 WARNING High memory usage detected
2025-04-03 16:40:18 WARNING Server crash detected! Restarting.....
2025-04-03 16:40:20 WARNING User logged in: user123
2025-04-03 16:40:22 WARNING User logged out: user456
2025-04-03 16:40:24 INFO User logged in: user123
2025-04-03 16:40:26 INFO Database connection failed: timeout
2025-04-03 16:40:28 CRITICAL User logged out: user456
2025-04-03 16:40:30 ERROR File uploaded: report.pdf
2025-04-03 16:40:32 ERROR File uploaded: report.pdf
2025-04-03 16:40:34 INFO Database connection failed: timeout
2025-04-03 16:40:36 INFO Database connection failed: timeout
2025-04-03 16:40:38 WARNING User logged in: user123
2025-04-03 16:40:40 CRITICAL File uploaded: report.pdf
2025-04-03 16:40:42 INFO User logged out: user456
2025-04-03 16:40:44 ERROR User logged in: user123
2025-04-03 16:40:46 WARNING Server crash detected! Restarting.....
2025-04-03 16:40:48 WARNING Server crash detected! Restarting.....
2025-04-03 16:40:50 INFO Server crash detected! Restarting.....
2025-04-03 16:40:52 ERROR High memory usage detected
2025-04-03 16:40:54 ERROR User logged out: user456
2025-04-03 16:40:56 WARNING Database connection failed: timeout
2025-04-03 16:40:58 ERROR User logged out: user456
2025-04-03 16:41:00 ERROR Database connection failed: timeout
2025-04-03 16:41:02 CRITICAL File uploaded: report.pdf
2025-04-03 16:41:04 WARNING High memory usage detected
2025-04-03 16:41:06 INFO High memory usage detected
2025-04-03 16:41:08 CRITICAL Server crash detected! Restarting.....
2025-04-03 16:41:10 ERROR File uploaded: report.pdf
2025-04-03 16:41:12 WARNING File uploaded: report.pdf
2025-04-03 16:41:14 ERROR Database connection failed: timeout
2025-04-03 16:41:16 WARNING File uploaded: report.pdf
2025-04-03 16:41:18 WARNING User logged in: user123
2025-04-03 16:41:20 INFO User logged out: user456
2025-04-03 16:41:22 INFO Server crash detected! Restarting.....
2025-04-03 16:41:24 INFO User logged in: user123
2025-04-03 16:41:26 ERROR User logged out: user456
2025-04-03 16:41:28 WARNING User logged in: user123
2025-04-03 16:41:30 ERROR File uploaded: report.pdf
2025-04-03 16:41:32 CRITICAL File uploaded: report.pdf
2025-04-03 16:41:34 WARNING Database connection failed: timeout
2025-04-03 16:41:36 CRITICAL Server crash detected! Restarting.....
2025-04-03 16:41:38 ERROR User logged out: user456
2025-04-03 16:41:40 WARNING Database connection failed: timeout
2025-04-03 16:41:42 WARNING Database connection failed: timeout
2025-04-03 16:41:44 WARNING File uploaded: report.pdf
2025-04-03 16:41:46 ERROR User logged out: user456
2025-04-03 16:41:48 CRITICAL File uploaded: report.pdf
2025-04-03 16:41:50 ERROR Database connection failed: timeout
2025-04-03 16:41:52 CRITICAL Database connection failed: timeout
2025-04-03 16:41:54 INFO High memory usage detected
2025-04-03 16:41:56 INFO High memory usage detected
2025-04-03 16:41:58 INFO High memory usage detected
2025-04-03 16:42:00 WARNING High memory usage detected
2025-04-03 16:42:02 ERROR Server crash detected! Restarting.....
2025-04-03 16:42:04 CRITICAL File uploaded: report.pdf
2025-04-03 16:42:06 ERROR User logged out: user456
2025-04-03 16:42:08 CRITICAL User logged in: user123
2025-04-03 16:42:10 CRITICAL Database connection failed: timeout
2025-04-03 16:42:12 ERROR User logged out: user456
2025-04-03 16:42:14 INFO File uploaded: report.pdf
2025-04-03 16:42:16 ERROR User logged out: user456
2025-04-03 16:42:18 CRITICAL Server crash detected! Restarting.....
2025-04-03 16:42:20 WARNING Server crash detected! Restarting.....
2025-04-03 16:42:22 WARNING User logged out: user456
2025-04-03 16:42:24 INFO File uploaded: report.pdf
2025-04-03 16:42:26 WARNING Server crash detected! Restarting.....
2025-04-03 16:42:28 CRITICAL High memory usage detected
2025-04-03 16:42:30 ERROR File uploaded: report.pdf
2025-04-03 16:42:32 CRITICAL User logged out: user456
2025-04-03 16:42:34 WARNING Server crash detected! Restarting.....
2025-04-03 16:42:36 CRITICAL File uploaded: report.pdf
2025-04-03 16:42:38 CRITICAL Server crash detected! Restarting.....
2025-04-03 16:42:40 WARNING Server crash detected! Restarting.....
2025-04-03 16:42:42 CRITICAL User logged in: user123
2025-04-03 16:42:44 WARNING File uploaded: report.pdf
2025-04-03 16:42:46 INFO User logged out: user456
2025-04-03 16:42:48 WARNING User logged out: user456
2025-04-03 16:42:50 WARNING User logged in: user123
2025-04-03 16:42:52 CRITICAL Server crash detected! Restarting.....
2025-04-03 16:42:54 CRITICAL File uploaded: report.pdf
2025-04-03 16:42:56 CRITICAL High memory usage detected
2025-04-03 16:42:58 INFO User logged in: user123
2025-04-03 16:43:00 ERROR Server crash detected! Restarting.....
2025-04-03 16:43:02 WARNING Database connection failed: timeout
2025-04-03 16:43:04 CRITICAL Server crash detected! Restarting.....
2025-04-03 16:43:06 WARNING Database connection failed: timeout
2025-04-03 16:43:08 INFO User logged in: user123
2025-04-03 16:43:10 ERROR User logged in: user123
2025-04-03 16:43:12 ERROR User logged out: user456
2025-04-03 16:43:14 WARNING User logged out: user456
2025-04-03 16:43:16 WARNING User logged out: user456
2025-04-03 16:43:18 WARNING User logged in: user123
2025-04-03 16:43:20 ERROR File uploaded: report.pdf
2025-04-03 16:43:22 ERROR Server crash detected! Restarting.....
2025-04-03 16:43:24 ERROR User logged in: user123
2025-04-03 16:43:26 ERROR Server crash detected! Restarting.....
2025-04-03 16:43:28 ERROR User logged in: user123
2025-04-03 16:43:30 CRITICAL User logged out: user456
2025-04-03 16:43:32 WARNING Database connection failed: timeout
2025-04-03 16:43:34 CRITICAL High memory usage detected
2025-04-03 16:43:36 ERROR Server crash detected! Restarting.....
2025-04-03 16:43:38 INFO User logged in: user123
2025-04-03 16:43:40 ERROR High memory usage detected
2025-04-03 16:43:42 ERROR High memory usage detected
2025-04-03 16:43:44 CRITICAL File uploaded: report.pdf
2025-04-03 16:43:46 ERROR Database connection failed: timeout
2025-04-03 16:43:48 WARNING User logged in: user123
2025-04-03 16:43:50 ERROR Database connection failed: timeout
2025-04-03 16:43:53 ERROR File uploaded: report.pdf
2025-04-03 16:43:55 CRITICAL User logged out: user456
2025-04-03 16:43:57 WARNING User logged out: user456
2025-04-03 16:43:59 CRITICAL High memory usage detected
2025-04-03 16:44:01 WARNING File uploaded: report.pdf
2025-04-03 16:44:03 WARNING Database connection failed: timeout
2025-04-03 16:44:05 CRITICAL User logged in: user123
2025-04-03 16:44:07 ERROR Server crash detected! Restarting.....
2025-04-03 16:44:09 WARNING Database connection failed: timeout
2025-04-03 16:44:11 WARNING File uploaded: report.pdf
2025-04-03 16:44:13 INFO Server crash detected! Restarting.....
2025-04-03 16:44:15 WARNING Database connection failed: timeout
2025-04-03 16:44:17 ERROR High memory usage detected
2025-04-03 16:44:19 INFO Server crash detected! Restarting.....
2025-04-03 16:44:21 CRITICAL User logged out: user456
2025-04-03 16:44:23 ERROR Server crash detected! Restarting.....
2025-04-03 16:44:25 CRITICAL User logged out: user456
2025-04-03 16:44:27 WARNING User logged out: user456
2025-04-03 16:44:29 CRITICAL File uploaded: report.pdf
2025-04-03 16:44:31 ERROR File uploaded: report.pdf
2025-04-03 16:44:33 WARNING Server crash detected! Restarting.....
2025-04-03 16:44:35 WARNING Database connection failed: timeout
2025-04-03 16:44:37 CRITICAL High memory usage detected
2025-04-03 16:44:39 WARNING User logged out: user456
2025-04-03 16:44:41 ERROR Server crash detected! Restarting.....
2025-04-03 16:44:43 ERROR File uploaded: report.pdf
2025-04-03 16:44:45 CRITICAL User logged in: user123
2025-04-03 16:44:47 INFO User logged out: user456
2025-04-03 16:44:49 CRITICAL User logged out: user456
2025-04-03 16:44:51 INFO High memory usage detected
2025-04-03 16:44:53 INFO File uploaded: report.pdf
2025-04-03 16:44:55 WARNING High memory usage detected
2025-04-03 16:44:57 CRITICAL Server crash detected! Restarting.....
2025-04-03 16:44:59 ERROR User logged in: user123
2025-04-03 16:45:01 ERROR Database connection failed: timeout
2025-04-03 16:45:03 CRITICAL User logged out: user456
2025-04-03 16:45:05 CRITICAL High memory usage detected
2025-04-03 16:45:07 WARNING User logged out: user456
2025-04-03 16:45:09 ERROR User logged in: user123
2025-04-03 16:45:11 INFO User logged in: user123
2025-04-03 16:45:13 INFO User logged out: user456
2025-04-03 16:45:15 ERROR Server crash detected! Restarting.....
2025-04-03 16:45:17 INFO High memory usage detected
2025-04-03 16:45:19 WARNING High memory usage detected
2025-04-03 16:45:21 ERROR Database connection failed: timeout
2025-04-03 16:45:23 WARNING User logged out: user456
2025-04-03 16:45:25 CRITICAL User logged in: user123
2025-04-03 16:45:27 WARNING User logged out: user456
2025-04-03 16:45:29 INFO File uploaded: report.pdf
2025-04-03 16:45:31 INFO File uploaded: report.pdf
2025-04-03 16:45:33 INFO File uploaded: report.pdf
2025-04-03 16:45:35 CRITICAL User logged out: user456
2025-04-03 16:45:37 INFO User logged out: user456
2025-04-03 16:45:39 INFO File uploaded: report.pdf
2025-04-03 16:45:41 ERROR Database connection failed: timeout
2025-04-03 16:45:43 WARNING Server crash detected! Restarting.....
2025-04-03 16:45:45 INFO File uploaded: report.pdf
2025-04-03 16:45:47 INFO User logged in: user123
2025-04-03 16:45:49 WARNING Server crash detected! Restarting.....
2025-04-03 16:45:51 ERROR Server crash detected! Restarting.....
2025-04-03 16:45:53 INFO User logged out: user456
2025-04-03 16:45:55 ERROR User logged out: user456
2025-04-03 16:45:57 ERROR File uploaded: report.pdf
2025-04-03 16:45:59 CRITICAL High memory usage detected
2025-04-03 16:46:01 WARNING User logged out: user456
2025-04-03 16:46:03 WARNING File uploaded: report.pdf
2025-04-03 16:46:05 CRITICAL High memory usage detected
2025-04-03 16:46:07 CRITICAL Database connection failed: timeout
2025-04-03 16:46:09 ERROR Database connection failed: timeout
2025-04-03 16:46:11 ERROR User logged out: user456
2025-04-03 16:46:13 WARNING High memory usage detected
2025-04-03 16:46:15 WARNING User logged out: user456
2025-04-03 16:46:17 INFO User logged in: user123
2025-04-03 16:46:19 INFO Database connection failed: timeout
2025-04-03 16:46:21 WARNING User logged out: user456
2025-04-03 16:46:23 ERROR File uploaded: report.pdf
2025-04-03 16:46:25 INFO User logged in: user123
2025-04-03 16:46:27 CRITICAL High memory usage detected
2025-04-03 16:46:29 WARNING User logged out: user456
2025-04-03 16:46:31 WARNING Server crash detected! Restarting.....
2025-04-03 16:46:33 WARNING File uploaded: report.pdf
2025-04-03 16:46:35 INFO Database connection failed: timeout
2025-04-03 16:46:37 CRITICAL Database connection failed: timeout
2025-04-03 16:46:39 INFO Database connection failed: timeout
2025-04-03 16:46:41 ERROR User logged in: user123
2025-04-03 16:46:43 ERROR Database connection failed: timeout
2025-04-03 16:46:45 INFO User logged out: user456
2025-04-03 16:46:47 WARNING Database connection failed: timeout
2025-04-03 16:46:49 WARNING High memory usage detected
2025-04-03 16:46:51 CRITICAL User logged in: user123
2025-04-03 16:46:53 ERROR Database connection failed: timeout
2025-04-03 16:46:55 WARNING File uploaded: report.pdf
2025-04-03 16:46:57 ERROR Server crash detected! Restarting.....
2025-04-03 16:46:59 ERROR User logged in: user123
2025-04-03 16:47:01 CRITICAL User logged out: user456
2025-04-03 16:47:03 WARNING Server crash detected! Restarting.....
2025-04-03 16:47:05 ERROR Database connection failed: timeout
2025-04-03 16:47:07 ERROR Database connection failed: timeout
2025-04-03 16:47:09 INFO Server crash detected! Restarting.....
2025-04-03 16:47:11 INFO User logged in: user123
2025-04-03 16:47:13 ERROR File uploaded: report.pdf
2025-04-03 16:47:15 CRITICAL User logged in: user123
2025-04-03 16:47:17 CRITICAL User logged out: user456
2025-04-03 16:47:19 INFO File uploaded: report.pdf
2025-04-03 16:47:21 ERROR High memory usage detected
2025-04-03 16:47:23 ERROR Database connection failed: timeout
2025-04-03 16:47:25 ERROR File uploaded: report.pdf
2025-04-03 16:47:27 CRITICAL File uploaded: report.pdf
2025-04-03 16:47:29 ERROR Server crash detected! Restarting.....
2025-04-03 16:47:31 ERROR User logged in: user123
2025-04-03 16:47:33 INFO High memory usage detected
2025-04-03 16:47:35 CRITICAL User logged out: user456
2025-04-03 16:47:37 INFO File uploaded: report.pdf
2025-04-03 16:47:39 INFO User logged in: user123
2025-04-03 16:47:41 INFO Server crash detected! Restarting.....
2025-04-03 16:47:43 WARNING High memory usage detected
2025-04-03 16:47:45 ERROR Database connection failed: timeout
2025-04-03 16:47:47 CRITICAL User logged in: user123
2025-04-03 16:47:49 ERROR Database connection failed: timeout
2025-04-03 16:47:51 INFO User logged in: user123
2025-04-03 16:47:53 WARNING File uploaded: report.pdf
2025-04-03 16:47:55 ERROR Server crash detected! Restarting.....
2025-04-03 16:47:57 WARNING Server crash detected! Restarting.....
2025-04-03 16:47:59 CRITICAL User logged in: user123
2025-04-03 16:48:01 INFO File uploaded: report.pdf
2025-04-03 16:48:03 CRITICAL File uploaded: report.pdf
2025-04-03 16:48:05 INFO High memory usage detected
2025-04-03 16:48:07 CRITICAL User logged out: user456
2025-04-03 16:48:09 ERROR Server crash detected! Restarting.....
2025-04-03 16:48:11 ERROR Database connection failed: timeout
2025-04-03 16:48:13 CRITICAL Server crash detected! Restarting.....
2025-04-03 16:48:15 ERROR File uploaded: report.pdf
2025-04-03 16:48:17 CRITICAL User logged in: user123
2025-04-03 16:48:19 WARNING User logged in: user123
2025-04-03 16:48:21 WARNING Server crash detected! Restarting.....
2025-04-03 16:48:23 CRITICAL High memory usage detected
2025-04-03 16:48:25 CRITICAL Server crash detected! Restarting.....
2025-04-03 16:48:27 INFO Database connection failed: timeout
2025-04-03 16:48:29 ERROR User logged in: user123
2025-04-03 16:48:31 WARNING High memory usage detected
2025-04-03 16:48:33 CRITICAL Server crash detected! Restarting.....
2025-04-03 16:48:35 CRITICAL File uploaded: report.pdf
2025-04-03 16:48:37 INFO Database connection failed: timeout
2025-04-03 16:48:39 ERROR User logged in: user123
2025-04-03 16:48:41 ERROR User logged out: user456
2025-04-03 16:48:43 WARNING High memory usage detected
2025-04-03 16:48:45 ERROR User logged out: user456
2025-04-03 16:48:47 WARNING User logged out: user456
2025-04-03 16:48:49 WARNING High memory usage detected
2025-04-03 16:48:51 INFO User logged out: user456
2025-04-03 16:48:53 CRITICAL High memory usage detected
2025-04-03 16:48:55 CRITICAL High memory usage detected
2025-04-03 16:48:57 WARNING Server crash detected! Restarting.....
2025-04-03 16:48:59 ERROR Database connection failed: timeout
2025-04-03 16:49:01 WARNING Server crash detected! Restarting.....
2025-04-03 16:49:03 INFO User logged out: user456
2025-04-03 16:49:05 WARNING User logged in: user123
2025-04-03 16:49:07 WARNING Server crash detected! Restarting.....
2025-04-03 16:49:09 INFO File uploaded: report.pdf
2025-04-03 16:49:11 WARNING Server crash detected! Restarting.....
2025-04-03 16:49:13 WARNING Database connection failed: timeout
2025-04-03 16:49:15 INFO Database connection failed: timeout
2025-04-03 16:49:17 ERROR High memory usage detected
2025-04-03 16:49:19 INFO User logged in: user123
2025-04-03 16:49:21 CRITICAL Server crash detected! Restarting.....
2025-04-03 16:49:23 ERROR User logged out: user456
2025-04-03 16:49:25 ERROR Server crash detected! Restarting.....
2025-04-03 16:49:27 WARNING High memory usage detected
2025-04-03 16:49:29 CRITICAL Database connection failed: timeout
2025-04-03 16:49:31 WARNING Server crash detected! Restarting.....
2025-04-03 16:49:33 WARNING User logged in: user123
2025-04-03 16:49:35 WARNING User logged in: user123
2025-04-03 16:49:37 WARNING User logged in: user123
2025-04-03 16:49:39 ERROR Server crash detected! Restarting.....
2025-04-03 16:49:41 CRITICAL Database connection failed: timeout
2025-04-03 16:49:43 WARNING High memory usage detected
2025-04-03 16:49:45 ERROR Database connection failed: timeout
2025-04-03 16:49:47 CRITICAL File uploaded: report.pdf
2025-04-03 16:49:49 ERROR Database connection failed: timeout
2025-04-03 16:49:51 CRITICAL High memory usage detected
2025-04-03 16:49:53 ERROR File uploaded: report.pdf
2025-04-03 16:49:55 CRITICAL User logged out: user456
2025-04-03 16:49:57 ERROR Database connection failed: timeout
2025-04-03 16:49:59 CRITICAL Database connection failed: timeout
2025-04-03 16:50:01 INFO High memory usage detected
2025-04-03 16:50:03 CRITICAL Database connection failed: timeout
2025-04-03 16:50:05 ERROR File uploaded: report.pdf
2025-04-03 16:50:07 CRITICAL User logged in: user123
2025-04-03 16:50:09 CRITICAL High memory usage detected
2025-04-03 16:50:11 ERROR Server crash detected! Restarting.....
2025-04-03 16:50:13 ERROR Database connection failed: timeout
2025-04-03 16:50:15 INFO File uploaded: report.pdf
2025-04-03 16:50:17 INFO High memory usage detected
2025-04-03 16:50:19 ERROR Server crash detected! Restarting.....
2025-04-03 16:50:21 CRITICAL File uploaded: report.pdf
2025-04-03 16:50:23 INFO Database connection failed: timeout
2025-04-03 16:50:25 WARNING Server crash detected! Restarting.....
2025-04-03 16:50:27 WARNING User logged in: user123
2025-04-03 16:50:29 CRITICAL Database connection failed: timeout
2025-04-03 16:50:31 ERROR Server crash detected! Restarting.....
2025-04-03 16:50:33 INFO Server crash detected! Restarting.....
2025-04-03 16:50:35 ERROR User logged in: user123
2025-04-03 16:50:37 INFO High memory usage detected
2025-04-03 16:50:39 ERROR User logged in: user123
2025-04-03 16:50:41 CRITICAL File uploaded: report.pdf
2025-04-03 16:50:43 WARNING Database connection failed: timeout
2025-04-03 16:50:45 INFO User logged out: user456
2025-04-03 16:50:47 INFO High memory usage detected
2025-04-03 16:50:49 CRITICAL Server crash detected! Restarting.....
2025-04-03 16:50:51 ERROR Server crash detected! Restarting.....
2025-04-03 16:50:53 ERROR File uploaded: report.pdf
2025-04-03 16:50:55 INFO File uploaded: report.pdf
2025-04-03 16:50:57 CRITICAL User logged in: user123
2025-04-03 16:50:59 CRITICAL Database connection failed: timeout
2025-04-03 16:51:01 INFO Server crash detected! Restarting.....
2025-04-03 16:51:03 INFO Database connection failed: timeout
2025-04-03 16:51:05 CRITICAL Database connection failed: timeout
2025-04-03 16:51:07 INFO Database connection failed: timeout
2025-04-03 16:51:09 WARNING User logged out: user456
2025-04-03 16:51:11 INFO High memory usage detected
2025-04-03 16:51:13 ERROR File uploaded: report.pdf
2025-04-03 16:51:15 CRITICAL File uploaded: report.pdf
2025-04-03 16:51:17 INFO User logged in: user123
2025-04-03 16:51:19 CRITICAL Database connection failed: timeout
2025-04-03 16:51:21 WARNING User logged in: user123
2025-04-03 16:51:23 INFO Server crash detected! Restarting.....
2025-04-03 16:51:25 ERROR User logged in: user123
2025-04-03 16:51:27 WARNING User logged in: user123
2025-04-03 16:51:29 INFO Database connection failed: timeout
2025-04-03 16:51:31 CRITICAL File uploaded: report.pdf
2025-04-03 16:51:33 ERROR User logged in: user123
2025-04-03 16:51:35 ERROR File uploaded: report.pdf
2025-04-03 16:51:37 WARNING Database connection failed: timeout
2025-04-03 16:51:39 ERROR Server crash detected! Restarting.....
2025-04-03 16:51:41 CRITICAL Server crash detected! Restarting.....
2025-04-03 16:51:43 CRITICAL Server crash detected! Restarting.....
2025-04-03 16:51:45 ERROR User logged in: user123
2025-04-03 16:51:47 ERROR File uploaded: report.pdf
2025-04-03 16:51:49 WARNING High memory usage detected
2025-04-03 16:51:51 ERROR Server crash detected! Restarting.....
2025-04-03 16:51:53 ERROR High memory usage detected
2025-04-03 16:51:55 CRITICAL User logged out: user456
2025-04-03 16:51:57 WARNING Server crash detected! Restarting.....
2025-04-03 16:51:59 WARNING High memory usage detected
2025-04-03 16:52:01 INFO User logged in: user123
2025-04-03 16:52:03 CRITICAL User logged in: user123
2025-04-03 16:52:05 WARNING User logged in: user123
2025-04-03 16:52:07 ERROR User logged out: user456
2025-04-03 16:52:09 WARNING User logged in: user123
2025-04-03 16:52:11 WARNING User logged out: user456
2025-04-03 16:52:13 ERROR User logged out: user456
2025-04-03 16:52:15 CRITICAL User logged out: user456
2025-04-03 16:52:17 WARNING Database connection failed: timeout
2025-04-03 16:52:19 ERROR Server crash detected! Restarting.....
2025-04-03 16:52:21 ERROR File uploaded: report.pdf
2025-04-03 16:52:23 INFO File uploaded: report.pdf
2025-04-03 16:52:25 WARNING File uploaded: report.pdf
2025-04-03 16:52:27 ERROR Server crash detected! Restarting.....
2025-04-03 16:52:29 CRITICAL Server crash detected! Restarting.....
2025-04-03 16:52:31 CRITICAL High memory usage detected
2025-04-03 16:52:33 CRITICAL User logged in: user123
2025-04-03 16:52:35 WARNING Server crash detected! Restarting.....
2025-04-03 16:52:37 CRITICAL Database connection failed: timeout
2025-04-03 16:52:39 ERROR User logged out: user456
2025-04-03 16:52:41 CRITICAL File uploaded: report.pdf
2025-04-03 16:52:43 WARNING User logged out: user456
2025-04-03 16:52:45 WARNING User logged in: user123
2025-04-03 16:52:47 CRITICAL Server crash detected! Restarting.....
2025-04-03 16:52:49 CRITICAL User logged out: user456
2025-04-03 16:52:51 ERROR User logged in: user123
2025-04-03 16:52:53 ERROR File uploaded: report.pdf
2025-04-03 16:52:55 INFO File uploaded: report.pdf
2025-04-03 16:52:57 WARNING High memory usage detected
2025-04-03 16:52:59 INFO Database connection failed: timeout
2025-04-03 16:53:01 WARNING High memory usage detected
2025-04-03 16:53:03 ERROR User logged in: user123
2025-04-03 16:53:05 ERROR User logged out: user456
2025-04-03 16:53:07 CRITICAL User logged out: user456
2025-04-03 16:53:09 CRITICAL User logged out: user456
2025-04-03 16:53:11 CRITICAL File uploaded: report.pdf
2025-04-03 16:53:13 ERROR Server crash detected! Restarting.....
2025-04-03 16:53:15 CRITICAL Server crash detected! Restarting.....
2025-04-03 16:53:17 ERROR User logged in: user123
2025-04-03 16:53:19 ERROR Server crash detected! Restarting.....
2025-04-03 16:53:21 INFO High memory usage detected
2025-04-03 16:53:23 WARNING User logged out: user456
2025-04-03 16:53:25 WARNING User logged out: user456
2025-04-03 16:53:27 ERROR File uploaded: report.pdf
2025-04-03 16:53:29 CRITICAL File uploaded: report.pdf
2025-04-03 16:53:31 INFO High memory usage detected
2025-04-03 16:53:33 CRITICAL Database connection failed: timeout
2025-04-03 16:53:35 CRITICAL User logged in: user123
2025-04-03 16:53:37 CRITICAL High memory usage detected
2025-04-03 16:53:39 INFO Server crash detected! Restarting.....
2025-04-03 16:53:41 CRITICAL Server crash detected! Restarting.....
2025-04-03 16:53:43 ERROR Server crash detected! Restarting.....
2025-04-03 16:53:45 INFO File uploaded: report.pdf
2025-04-03 16:53:47 WARNING User logged in: user123
2025-04-03 16:53:49 INFO File uploaded: report.pdf
